7dniv.rv.ua
7tv.app
7tv.io
bestbuy.com
bestchange.ru
chat.com
chat.openai.com.cdn.cloudflare.net
chatgpt.com
daemon-tools.cc
danbooru.donmai.us
data-cdn.mbamupdates.com
decrypt.day
digikey.com
digitalcontent.sky
digitalocean.com
dis.gd
discord-activities.com
discord-attachments-uploads-prd.storage.googleapis.com
discord.co
discord.com
discord.design
discord.dev
discord.gg
discord.gift
discord.gifts
discord.media
discord.new
discord.store
discord.tools
discordactivities.com
discordapp.com
iscordapp.net
discordmerch.com
discordpartygames.com
discordsays.com
'162.158.0.0/15'
'172.64.0.0/13'
'34.0.0.0/15'
'34.2.0.0/16'
'34.3.0.0/23'
'34.3.2.0/24'
'35.192.0.0/12'
'35.208.0.0/12'
'35.224.0.0/12'
'35.240.0.0/13'
'5.200.14.128/25'
'66.22.192.0/18'
facebook.com
facebook.net
filmitorrent.net
filmix.ac
filmix.biz
filmix.day
filmix.fm
filmix.la
flibusta.is
flibusta.net
flipboard.com
flir.com
flir.eu
flourish.studio
gemini.google.com
habr.com
hackernoon.com
hackmd.io
hdkinoteatr.com
hdrezka.ac
hdrezka.ag
hdrezka.me
ibm.com
ig.me
ign.com
instagram.com
intel.com
intel.de
intel.nl
iptv.online
itninja.com
kaktus.media
kamatera.com
kino.pub
kinogo.ec
kinogo.la
kinogo.uk
kinovod.net
kinozal.guru
kinozal.tv
linkedin.com
linktr.ee
livetv.sx
mail-api.proton.me
mailfence.com
mailo.com
mangahub.ru
mangapark.net
medium.com
meduza.io
megapeer.vip
meta.com
metacritic.com
metal-archives.com
lookerstudio.google.com
lostfilm.tv
lostfilmtv2.site
netflix.ca
netflix.com
netflix.net
netflixinvestor.com
netflixtechblog.com
netlify.com
networksolutions.com
news.google.com
nba.com
nhl.com
nfl.com
nike.com
nordvpn.com
notepad-plus-plus.org
notion-static.com
notion.com
notion.new
notion.site
notion.so
openai.com
oracle.com
pornhub.com
pornhub.org
pornolab.net
primevideo.com
proton.me
protonvpn.com
kvas add quora.com
quora.com.cdn.cloudflare.net
rezka.ag
rezka.my
rezkify.com
rule34.art
rutor.info
rutor.is
rutor.org
rutracker.cc
rutracker.net
rutracker.org
rutracker.wiki
soundcloud.com
spotify.com
static.lostfilm.top
suggestqueries.google.com
surfshark.com
surveymonkey.com
teamviewer.com
temu.com
ti.com
tidal.com
tik-tokapi.com
tiktok.com
tiktokcdn-eu.com
tiktokcdn-us.com
tiktokcdn.com
tiktokd.net
tiktokd.org
tiktokv.com
tiktokv.us
tiktokw.us
tmdb-image-prod.b-cdn.net
tmdb.com
tmdb.org
torrenteditor.com
torrentgalaxy.to
tweetdeck.com
twimg.com
twirpx.com
twitpic.com
twitter.biz
twitter.com
twitter.jp
twittercommunity.com
twitterflightschool.com
twitterinc.com
twitteroauth.com
twitterstat.us
twtrdns.net
twttr.com
twttr.net
twvid.com
walmart.com
wide-youtube.l.google.com
wonderzine.com
widgetapp.stream
x.ai
x.com
xhamster.com
xhamsterlive.com
zendesk.com
zerkalo.io
zona.media
xvideos.com
yle.fi
youtu.be
youtube-nocookie.com
youtube-ui.l.google.com
youtube.com
youtubeembeddedplayer.googleapis.com
youtubei.googleapis.com
youtubekids.com
yt-video-upload.l.google.com
ytimg.com
ytimg.l.google.com
4pda.to
4pna.com
amnezia.org
abook-club.ru
academy.terrasoft.ua
activatica.org
adguard.com
adidas.com
adminforge.de
adobe.com
ads-twitter.com
adultmult.tv
api.service-kp.com
api.theins.info
api.themoviedb.org
