linkedin.com
linktr.ee
livetv.sx
mail-api.proton.me
mailfence.com
mailo.com
mangahub.ru
mangapark.net
medium.com
meduza.io
megapeer.vip
meta.com
metacritic.com
metal-archives.com
lookerstudio.google.com
lostfilm.tv
lostfilmtv2.site
netflix.ca
netflix.com
netflix.net
netflixinvestor.com
netflixtechblog.com
netlify.com
networksolutions.com
news.google.com
nba.com
nhl.com
nfl.com
nike.com
nordvpn.com
notepad-plus-plus.org
notion-static.com
notion.com
notion.new
notion.site
notion.so
openai.com
oracle.com
pornhub.com
pornhub.org
pornolab.net
primevideo.com
proton.me
protonvpn.com
kvas add quora.com
quora.com.cdn.cloudflare.net
rezka.ag
rezka.my
rezkify.com
rule34.art
rutor.info
rutor.is
rutor.org
rutracker.cc
rutracker.net
rutracker.org
rutracker.wiki
soundcloud.com
spotify.com
static.lostfilm.top
suggestqueries.google.com
surfshark.com
surveymonkey.com
teamviewer.com
temu.com
ti.com
tidal.com
tik-tokapi.com
tiktok.com
tiktokcdn-eu.com
tiktokcdn-us.com
tiktokcdn.com
tiktokd.net
tiktokd.org
tiktokv.com
tiktokv.us
tiktokw.us
tmdb-image-prod.b-cdn.net
tmdb.com
tmdb.org
torrenteditor.com
torrentgalaxy.to
tweetdeck.com
twimg.com
twirpx.com
twitpic.com
twitter.biz
twitter.com
twitter.jp
twittercommunity.com
twitterflightschool.com
twitterinc.com
twitteroauth.com
twitterstat.us
twtrdns.net
twttr.com
twttr.net
twvid.com
walmart.com
wide-youtube.l.google.com
wonderzine.com
widgetapp.stream
x.ai
x.com
xhamster.com
xhamsterlive.com
zendesk.com
zerkalo.io
zona.media
xvideos.com
yle.fi
youtu.be
youtube-nocookie.com
youtube-ui.l.google.com
youtube.com
youtubeembeddedplayer.googleapis.com
youtubei.googleapis.com
youtubekids.com
yt-video-upload.l.google.com
ytimg.com
ytimg.l.google.com
4pda.to
4pna.com
amnezia.org
abook-club.ru
academy.terrasoft.ua
activatica.org
adguard.com
adidas.com
adminforge.de
adobe.com
ads-twitter.com
adultmult.tv
api.service-kp.com
api.theins.info
api.themoviedb.org
